Buffer.Length
Buffer.IsEmpty
Buffer.Text
Buffer.Address
Buffer.Append
Buffer.PutInt
Buffer.GetInt
Buffer.Resize
Buffer.Free
TextFile.Assign
TextFile.Reset
TextFile.Rewrite
TextFile.Append
TextFile.ReadLn
TextFile.Write
TextFile.WriteLn
TextFile.Flush
TextFile.Close
TextFile.Erase
TextFile.Rename
TextFile.Eof
  Buffer.Contains: Undefined property 'Contains'.
  TextFile.Length: Undefined property 'Length'.
  Buffer.ClassName: Undefined property 'ClassName'.
  TextFile.Eof shut: Eof failed: the file is not open for reading.
Buffer.Append (X) -> bytes
TextFile.Append () -> first, second
exit: 0
